2026-07-15 10:53:11.182 - DBeaver 26.1.2.202607051737 is starting
2026-07-15 10:53:11.183 - OS: Linux 6.12.95+deb13-amd64 (amd64)
2026-07-15 10:53:11.183 - Java version: 21.0.10 by Eclipse Adoptium (64bit)
2026-07-15 10:53:11.183 - Install path: '/usr/share/dbeaver-ce'
2026-07-15 10:53:11.183 - Instance path: 'file:/home/eikmeier/Documentos/dev/nuxt/educlickminimal/db/'
2026-07-15 10:53:11.184 - Memory available 64Mb/1024Mb
2026-07-15 10:53:11.188 - Initialize desktop platform...
2026-07-15 10:53:11.441 - BounceCastle bundle found. Use JCE provider BC
> Start Core File Systems [org.eclipse.core.filesystem 1.11.400.v20251107-0507]
> Start Core Resource Management [org.eclipse.core.resources 3.24.0.v20260518-1150]
> Start DBeaver UI Navigator [org.jkiss.dbeaver.ui.navigator 1.0.182.202607051737]
> Start Team Support Core [org.eclipse.team.core 3.10.1000.v20260112-1030]
2026-07-15 10:53:11.600 - Initialize base platform...
2026-07-15 10:53:11.620 - Schedule collected statistics send
2026-07-15 10:53:11.621 - Platform initialized (433ms)
2026-07-15 10:53:11.634 - 	Create display
2026-07-15 10:53:11.721 - 	Patch workbench configuration
2026-07-15 10:53:11.884 - 	Starting instance server at http://localhost:42819
2026-07-15 10:53:11.894 - Run workbench
> Start Eclipse e4 Workbench SWT [org.eclipse.e4.ui.workbench.swt 0.18.100.v20260430-1313]
> Start Eclipse Application Services [org.eclipse.e4.core.services 2.5.400.v20260430-1313]
> Start Eclipse UI Application Services [org.eclipse.e4.ui.services 1.6.700.v20260430-1313]
> Start Eclipse e4 Progress View [org.eclipse.e4.ui.progress 0.5.100.v20260516-1214]
> Start Eclipse Bindings Support [org.eclipse.e4.ui.bindings 0.15.100.v20260430-1313]
> Start Eclipse e4 core commands [org.eclipse.e4.core.commands 1.1.800.v20260430-1313]
> Start EMF XML/XMI Persistence [org.eclipse.emf.ecore.xmi 2.40.0.v20251210-1145]
> Start Eclipse CSS SWT Theme Support [org.eclipse.e4.ui.css.swt.theme 0.15.100.v20260507-0340]
> Start Eclipse e4 Workbench Add-ons [org.eclipse.e4.ui.workbench.addons.swt 1.6.100.v20260430-1313]
> Start Eclipse e4 Workbench SWT Renderer [org.eclipse.e4.ui.workbench.renderers.swt 0.18.0.v20260508-0707]
> Start Eclipse Dependency Injection Extensions [org.eclipse.e4.core.di.extensions 0.18.300.v20240413-1529]
> Start DBeaver AI Model [org.jkiss.dbeaver.model.ai 2.0.25.202607051737]
> Start DBeaver AI UI [org.jkiss.dbeaver.ui.ai 1.0.84.202607051737]
> Start Eclipse CSS SWT Support [org.eclipse.e4.ui.css.swt 0.17.0.v20260516-1214]
> Start Internet Connection Management [org.eclipse.core.net 1.5.900.v20260507-0401]
> Start Equinox Java Authentication and Authorization Service (JAAS) [org.eclipse.equinox.security 1.4.700.v20250622-1644]
> Start Internet Connection Management UI [org.eclipse.ui.net 1.6.0.v20251219-1227]
> Start GEF Classic Draw2d [org.eclipse.draw2d 3.23.0.202605171958]
> Start GEF Classic GEF (MVC) [org.eclipse.gef 3.26.0.202605171956]
> Start JFace Text [org.eclipse.jface.text 3.31.0.v20260428-1719]
> Start Text [org.eclipse.text 3.14.700.v20260326-1107]
> Start Default Text Editor [org.eclipse.ui.editors 3.22.0.v20260421-0620]
> Start Text Editor Framework [org.eclipse.ui.workbench.texteditor 3.20.100.v20260505-0620]
2026-07-15 10:53:14.444 - Configure workbench window
> Start DBeaver SQL Model [org.jkiss.dbeaver.model.sql 1.0.172.202607051737]
2026-07-15 10:53:14.631 - Total database drivers: 133 (133)
> Start Help System Core [org.eclipse.help 3.11.100.v20260408-1441]
2026-07-15 10:53:14.742 - Create actions
2026-07-15 10:53:15.170 - Initialize workbench window
2026-07-15 10:53:15.192 - Finish initialization
> Start DBeaver UI Editors - Data [org.jkiss.dbeaver.ui.editors.data 1.0.182.202607051737]
> Start DBeaver UI Editors - SQL [org.jkiss.dbeaver.ui.editors.sql 1.0.182.202607051737]
> Start DBeaver SQL Terminal [org.jkiss.dbeaver.ui.editors.sql.terminal 1.0.158.202607051737]
> Start Core Compare Support [org.eclipse.compare.core 3.8.800.v20250718-1505]
> Start DBeaver Product Configuration UI [org.jkiss.dbeaver.ui.app.config 1.0.0.202607051737]
> Start DBeaver Sample Database [org.jkiss.dbeaver.ui.config.sample 1.0.219.202607051737]
2026-07-15 10:53:16.861 - Open [https://dbeaver.io/product/version.xml]
> Start DBeaver NIO Model [org.jkiss.dbeaver.model.nio 1.0.66.202607051737]
> Start DBeaver Dashboard UI [org.jkiss.dbeaver.ui.dashboard 1.0.179.202607051737]
> Start DBeaver ERD UI [org.jkiss.dbeaver.ui.editors.erd 3.1.23.202607051737]
> Start DBeaver ERD Model [org.jkiss.dbeaver.model.erd 1.1.23.202607051737]
> Start Console [org.eclipse.ui.console 3.17.0.v20260430-1810]
> Start Debug Core [org.eclipse.debug.core 3.23.300.v20260513-0740]
> Start DBeaver SQL Language Semantic Model [org.jkiss.dbeaver.model.lsm 1.0.77.202607051737]
2026-07-15 10:53:27.444 - Dispose navigator model
2026-07-15 10:53:27.515 - DBeaver is stopping
2026-07-15 10:53:27.517 - Stop instance server
2026-07-15 10:53:27.518 - Instance server has been stopped
2026-07-15 10:53:27.527 - DBeaver shutdown completed
2026-07-15 10:53:27.560 - Shutdown desktop platform...
2026-07-15 10:53:27.562 - Send collected statistics
2026-07-15 10:53:27.564 - Open [https://stats.dbeaver.com/send-statistics?session=ac590c02-e0b2-422b-88bd-c1d9ff2c4f0a&time=1784123596]
2026-07-15 10:53:28.177 - Statistics sent (OK)
2026-07-15 10:53:28.252 - Platform shutdown completed (691ms)
